------- FILE 48x2_2_image.asm LEVEL 1 PASS 2
      1  0071 ????
      2  0071 ????
      3  0071 ????						;*** The height of the displayed data...
      4  0071 ????	       00 10	   bmp_48x2_2_window =	16
      5  0071 ????
      6  0071 ????						;*** The height of the bitmap data. This can be larger than
      7  0071 ????						;*** the displayed data height, if you're scrolling or animating
      8  0071 ????						;*** the data...
      9  0071 ????	       00 10	   bmp_48x2_2_height =	16
     10  0071 ????
     11  0071 ????			  -	      if	>. != >[.+(bmp_48x2_2_height)]
     12  0071 ????			  -	      align	256
     13  0071 ????				      endif
     14  0071 ????	       00		      BYTE.b	0	; leave this here!
     15  0072 ????
     16  0072 ????
     17  0072 ????						;*** The color of each line in the bitmap, in reverse order...
     18  0072 ????			   bmp_48x2_2_colors
     19  0072 ????	       0e		      .byte.b	$0E
     20  0073 ????	       0e		      .byte.b	$0E
     21  0074 ????	       0e		      .byte.b	$0E
     22  0075 ????	       0e		      .byte.b	$0E
     23  0076 ????	       0e		      .byte.b	$0E
     24  0077 ????	       a8		      .byte.b	$A8
     25  0078 ????	       aa		      .byte.b	$AA
     26  0079 ????	       ac		      .byte.b	$AC
     27  007a ????	       ae		      .byte.b	$AE
     28  007b ????	       0e		      .byte.b	$0E
     29  007c ????	       0e		      .byte.b	$0E
     30  007d ????	       68		      .byte.b	$68
     31  007e ????	       6a		      .byte.b	$6A
     32  007f ????	       6c		      .byte.b	$6C
     33  0080 ????	       6e		      .byte.b	$6E
     34  0081 ????	       0e		      .byte.b	$0E
     35  0082 ????
     36  0082 ????
     37  0082 ????			  -	      if	>. != >[.+bmp_48x2_2_height]
     38  0082 ????			  -	      align	256
     39  0082 ????				      endif
     40  0082 ????
     41  0082 ????
     42  0082 ????			   bmp_48x2_2_00
     43  0082 ????						; *** replace this block with your bimap_00 data block...
     44  0082 ????	       00		      BYTE.b	%00000000
     45  0083 ????	       00		      BYTE.b	%00000000
     46  0084 ????	       00		      BYTE.b	%00000000
     47  0085 ????	       00		      BYTE.b	%00000000
     48  0086 ????	       00		      BYTE.b	%00000000
     49  0087 ????	       00		      BYTE.b	%00000000
     50  0088 ????	       00		      BYTE.b	%00000000
     51  0089 ????	       00		      BYTE.b	%00000000
     52  008a ????	       00		      BYTE.b	%00000000
     53  008b ????	       00		      BYTE.b	%00000000
     54  008c ????	       00		      BYTE.b	%00000000
     55  008d ????	       19		      BYTE.b	%00011001
     56  008e ????	       14		      BYTE.b	%00010100
     57  008f ????	       19		      BYTE.b	%00011001
     58  0090 ????	       10		      BYTE.b	%00010000
     59  0091 ????	       00		      BYTE.b	%00000000
     60  0092 ????
     61  0092 ????
     62  0092 ????			  -	      if	>. != >[.+bmp_48x2_2_height]
     63  0092 ????			  -	      align	256
     64  0092 ????				      endif
     65  0092 ????
     66  0092 ????
     67  0092 ????			   bmp_48x2_2_01
     68  0092 ????						; *** replace this block with your bimap_01 data block...
     69  0092 ????	       00		      BYTE.b	%00000000
     70  0093 ????	       00		      BYTE.b	%00000000
     71  0094 ????	       00		      BYTE.b	%00000000
     72  0095 ????	       00		      BYTE.b	%00000000
     73  0096 ????	       00		      BYTE.b	%00000000
     74  0097 ????	       02		      BYTE.b	%00000010
     75  0098 ????	       02		      BYTE.b	%00000010
     76  0099 ????	       03		      BYTE.b	%00000011
     77  009a ????	       03		      BYTE.b	%00000011
     78  009b ????	       00		      BYTE.b	%00000000
     79  009c ????	       00		      BYTE.b	%00000000
     80  009d ????	       03		      BYTE.b	%00000011
     81  009e ????	       80		      BYTE.b	%10000000
     82  009f ????	       43		      BYTE.b	%01000011
     83  00a0 ????	       01		      BYTE.b	%00000001
     84  00a1 ????	       00		      BYTE.b	%00000000
     85  00a2 ????
     86  00a2 ????
     87  00a2 ????
     88  00a2 ????			  -	      if	>. != >[.+bmp_48x2_2_height]
     89  00a2 ????			  -	      align	256
     90  00a2 ????				      endif
     91  00a2 ????
     92  00a2 ????
     93  00a2 ????			   bmp_48x2_2_02
     94  00a2 ????						; *** replace this block with your bimap_02 data block...
     95  00a2 ????	       00		      BYTE.b	%00000000
     96  00a3 ????	       00		      BYTE.b	%00000000
     97  00a4 ????	       00		      BYTE.b	%00000000
     98  00a5 ????	       00		      BYTE.b	%00000000
     99  00a6 ????	       00		      BYTE.b	%00000000
    100  00a7 ????	       9a		      BYTE.b	%10011010
    101  00a8 ????	       aa		      BYTE.b	%10101010
    102  00a9 ????	       9b		      BYTE.b	%10011011
    103  00aa ????	       80		      BYTE.b	%10000000
    104  00ab ????	       00		      BYTE.b	%00000000
    105  00ac ????	       00		      BYTE.b	%00000000
    106  00ad ????	       39		      BYTE.b	%00111001
    107  00ae ????	       b1		      BYTE.b	%10110001
    108  00af ????	       3b		      BYTE.b	%00111011
    109  00b0 ????	       81		      BYTE.b	%10000001
    110  00b1 ????	       00		      BYTE.b	%00000000
    111  00b2 ????
    112  00b2 ????
    113  00b2 ????
    114  00b2 ????			  -	      if	>. != >[.+bmp_48x2_2_height]
    115  00b2 ????			  -	      align	256
    116  00b2 ????				      endif
    117  00b2 ????
    118  00b2 ????
    119  00b2 ????			   bmp_48x2_2_03
    120  00b2 ????						; *** replace this block with your bimap_03 data block...
    121  00b2 ????	       00		      BYTE.b	%00000000
    122  00b3 ????	       00		      BYTE.b	%00000000
    123  00b4 ????	       00		      BYTE.b	%00000000
    124  00b5 ????	       00		      BYTE.b	%00000000
    125  00b6 ????	       00		      BYTE.b	%00000000
    126  00b7 ????	       55		      BYTE.b	%01010101
    127  00b8 ????	       55		      BYTE.b	%01010101
    128  00b9 ????	       19		      BYTE.b	%00011001
    129  00ba ????	       40		      BYTE.b	%01000000
    130  00bb ????	       00		      BYTE.b	%00000000
    131  00bc ????	       00		      BYTE.b	%00000000
    132  00bd ????	       28		      BYTE.b	%00101000
    133  00be ????	       28		      BYTE.b	%00101000
    134  00bf ????	       b0		      BYTE.b	%10110000
    135  00c0 ????	       20		      BYTE.b	%00100000
    136  00c1 ????	       00		      BYTE.b	%00000000
    137  00c2 ????
    138  00c2 ????
    139  00c2 ????
    140  00c2 ????			  -	      if	>. != >[.+bmp_48x2_2_height]
    141  00c2 ????			  -	      align	256
    142  00c2 ????				      endif
    143  00c2 ????
    144  00c2 ????
    145  00c2 ????			   bmp_48x2_2_04
    146  00c2 ????						; *** replace this block with your bimap_04 data block...
    147  00c2 ????	       00		      BYTE.b	%00000000
    148  00c3 ????	       00		      BYTE.b	%00000000
    149  00c4 ????	       00		      BYTE.b	%00000000
    150  00c5 ????	       00		      BYTE.b	%00000000
    151  00c6 ????	       00		      BYTE.b	%00000000
    152  00c7 ????	       d4		      BYTE.b	%11010100
    153  00c8 ????	       95		      BYTE.b	%10010101
    154  00c9 ????	       d4		      BYTE.b	%11010100
    155  00ca ????	       14		      BYTE.b	%00010100
    156  00cb ????	       00		      BYTE.b	%00000000
    157  00cc ????	       00		      BYTE.b	%00000000
    158  00cd ????	       00		      BYTE.b	%00000000
    159  00ce ????	       00		      BYTE.b	%00000000
    160  00cf ????	       00		      BYTE.b	%00000000
    161  00d0 ????	       00		      BYTE.b	%00000000
    162  00d1 ????	       00		      BYTE.b	%00000000
    163  00d2 ????
    164  00d2 ????
    165  00d2 ????
    166  00d2 ????			  -	      if	>. != >[.+bmp_48x2_2_height]
    167  00d2 ????			  -	      align	256
    168  00d2 ????				      endif
    169  00d2 ????
    170  00d2 ????
    171  00d2 ????			   bmp_48x2_2_05
    172  00d2 ????						; *** replace this block with your bimap_05 data block...
    173  00d2 ????	       00		      BYTE.b	%00000000
    174  00d3 ????	       00		      BYTE.b	%00000000
    175  00d4 ????	       00		      BYTE.b	%00000000
    176  00d5 ????	       00		      BYTE.b	%00000000
    177  00d6 ????	       00		      BYTE.b	%00000000
    178  00d7 ????	       80		      BYTE.b	%10000000
    179  00d8 ????	       40		      BYTE.b	%01000000
    180  00d9 ????	       80		      BYTE.b	%10000000
    181  00da ????	       00		      BYTE.b	%00000000
    182  00db ????	       00		      BYTE.b	%00000000
    183  00dc ????	       00		      BYTE.b	%00000000
    184  00dd ????	       00		      BYTE.b	%00000000
    185  00de ????	       00		      BYTE.b	%00000000
    186  00df ????	       00		      BYTE.b	%00000000
    187  00e0 ????	       00		      BYTE.b	%00000000
    188  00e1 ????	       00		      BYTE.b	%00000000
    189  00e2 ????
    190  00e2 ????
    191  00e2 ????
