------- FILE titlescreen_layout.asm LEVEL 1 PASS 1
      1  0000 ????
      2  0000 ????						; To use a minikernel, just list it below. They'll be drawn on the screen in
      3  0000 ????						; in the order they were listed.
      4  0000 ????						;
      5  0000 ????						; If a minikernel isn't listed, it won't be compiled into your program, and
      6  0000 ????						; it won't use any rom space.
      7  0000 ????
      8  0000 ????				      MAC	titlescreenlayout
      9  0000 ????				      draw_48x2_1
     10  0000 ????				      draw_48x2_2
     11  0000 ????				      draw_space	3
     12  0000 ????				      draw_48x2_3
     13  0000 ????						;draw_gameselect
     14  0000 ????				      draw_space	5
     15  0000 ????						;draw_score
     16  0000 ????				      ENDM
     17  0000 ????
     18  0000 ????						; minikernel choices are:
     19  0000 ????						;
     20  0000 ????						; draw_48x1_1, draw_48x1_2, draw_48x1_3
     21  0000 ????						;	The first, second, and third 48-wide single-line bitmap minikernels
     22  0000 ????						;
     23  0000 ????						; draw_48x2_1, draw_48x2_2, draw_48x2_3
     24  0000 ????						;	The first, second, and third 48-wide double-line bitmap minikernels
     25  0000 ????						;
     26  0000 ????						; draw_96x2_1, draw_96x2_2, draw_96x2_3
     27  0000 ????						;	The first, second, and third 96-wide double-line bitmap minikernels
     28  0000 ????						;
     29  0000 ????						; draw_gameselect
     30  0000 ????						;	The game selection display minikernel
     31  0000 ????						;
     32  0000 ????						; draw_score
     33  0000 ????						;	A minikernel that draws the score
     34  0000 ????						;
     35  0000 ????						; draw_space 10
     36  0000 ????						;	A minikernel used to add blank space between other minikernels
